---
source: src/ui/tests.rs
expression: "text(&render(&app, at(1)))"
---
 herdr inbox                    1/4 │
 ● 1  ✓ 1  ◐ 1  ○ 1       4 threads │  New thread                                                  esc close
 ────────────────────────────────── │
  +  New thread                  n  │  What should we build?
  /  Filter threads              /  │  ╭───────────────────────────────────────────────────────────────────╮
 ────────────────────────────────── │  │ Fix the login redirect loop                                       │
 NEEDS INPUT  1                     │  │                                                                   │
▎cockpit                    ● input │  │                                                                   │
▎Fix the login redirect loop on mo… │  ╰───────────────────────────────────────────────────────────────────╯
▎✻ Claude · ⎇ fix-login-redirect    │    Presets    + Save as preset…                                  F7  ›
                                    │
 READY  1                           │    Project    cockpit                                            F2  ›
▎site                       ✓ ready │    Machine    Local                                              F6  ›
▎Review navigation                  │    Harness    Claude                                             F3  ›
▎◈ OpenCode · ⎇ feat/a-very-long-b… │    Model      Default (opus)                                     F4  ›
                                    │    Thinking   Default                                            F8  ›
 WORKING  1                         │    Workspace  New worktree  ⎇ fix-login-redirect-loop            F9  ›
▎api                      ◐ working │    Compare    Off · one agent                                   F12  ›
▎Add invoice export                 │
▎◆ Codex · ⎇ main                   │  ↵ send   ⌃S send & keep   ⌃T dictate   ⇥ fields   F7 presets   F10 v…
                                    │
 IDLE  1                            │
▎scratch                     ○ idle │
▎New Pi thread                      │
▎π Pi                               │
                                    │
                                    │
                                    │
                                    │
  NEW THREAD  esc back  ⌃G updates
