---
source: src/ui/tests.rs
expression: screen
---
 herdr inbox                 1/4 │
 1 needs input · 1 ready         │
  +  New thread               n  │
 / Filter th╭ Update Herdr Inbox ──────────────────────────────────────────────────────╮
 NEEDS INPUT│ Running <version>                                                        │
▎cockpit    │ Latest stable 2.0.0                                                      │
▎Fix the log│ Enter installs this release. Only the running Inbox binary changes.      │
▎✻ Claude · │                                                                          │
            │ Release notes                                                            │
 READY  1   │ ## Changes                                                               │
▎site       │ Faster inbox navigation.                                                 │
▎Review navi│ Safer updates.                                                           │
▎◈ OpenCode │                                                                          │
            │                                                                          │
 WORKING  1 │                                                                          │e…
▎api        │                                                                          │
▎Add invoice│                                                                          │
▎◆ Codex · ⎇│                                                                          │
            │                                                                          │
 IDLE  1    │                                                                          │
▎scratch    │                                                                          │
▎New Pi thre│                                                                          │
▎π Pi       │                                                                          │
            │                                                                          │
            │ Enter install  b GitHub                                                  │
            │ ↑↓ notes  r recheck  Esc back                                            │
            ╰──────────────────────────────────────────────────────────────────────────╯
                                 │
                                 │
  UPDATES  esc back
