---
source: src/ui/tests.rs
expression: "text(&render(&app, at(0)))"
---
 herdr inbox                     │
 0 threads                       │
  +  New thread               n  │
                                 │
 No agent threads yet.           │                         ⢀⡀
 Start one in Herdr; it shows up │                    ⢀⡴⠚⠉⠉⠁⠉⠉⠉⠉⠒⠲⠤⣄⡀
 here.                           │                    ⢸             ⠉⠑⠢⣄⡀
                                 │                    ⠸⡄          ⢀⣀    ⠉⠲⢄
                                 │                     ⠙⢄       ⢀⣾⣿⣿⣗⠄     ⠙⢦⡀
                                 │                      ⠈⠳⣄     ⠘⢿⢟⠟⠕⠁       ⠑⣄
                                 │                         ⠑⠦⣀    ⠁⠁⠁         ⠘⡆
                                 │                           ⠈⠙⠢⢄⣀             ⡇
                                 │                               ⠈⠙⠒⠦⠤⣀⣀⣀⣀⢀⣀⣀⡤⠞⠁
                                 │                                       ⠈⠁
                                 │
                                 │
                                 │
                                 │       Agent threads you start in Herdr appear on the left.
                                 │
  THREADS  ↵ agent  j/k move  n new  x archive  ⌃G updates  tab agent  q quit
