---
source: src/ui/tests.rs
expression: screen
---
 herdr inbox                 1/4 │
 1 needs input · 1 ready         │
  +  New thread               n  │
 / Filter th╭ Update Herdr Inbox ──────────────────────────────────────────────────────╮
 NEEDS INPUT│ Running 1.0.0                                                            │
▎▄ █ ▄ cockp│ Latest stable 2.0.0                                                      │
▎▄███▄ Fix t│ Enter installs this release. Only the running Inbox binary changes.      │
▎▀ █ ▀ Claud│                                                                          │
            │ Release notes                                                            │
 READY  1   │ ## Changes                                                               │
▎█▀▀▀█ site │ Faster inbox navigation.                                                 │
▎█ ▀▄█ Revie│ Safer updates.                                                           │
▎█▄▄▄█ OpenC│                                                                          │
            │                                                                          │
 WORKING  1 │                                                                          │e…
▎▄▀▀▀▄ api  │                                                                          │
▎█▄█▀█ Add i│                                                                          │
▎▀▄▄▄▀ Codex│                                                                          │
            │                                                                          │
 IDLE  1    │                                                                          │
▎▄▄▄▄▄ scrat│                                                                          │
▎ █ █  New P│                                                                          │
▎ █ █▄ Pi   │                                                                          │
            │                                                                          │
            │ Enter install  b GitHub                                                  │
            │ ↑↓ notes  r recheck  Esc back                                            │
            ╰──────────────────────────────────────────────────────────────────────────╯
                                 │
                                 │
  UPDATES  esc back
