---
source: src/ui/tests.rs
expression: "text(&render(&app, at(7)))"
---
 herdr inbox                     │
 1 needs input · 1 ready         │  New thread                                     scanning Local…
  +  New thread               n  │
                                 │  What should we build?
 NEEDS INPUT  1                  │  ╭────────────────────────────────────────────────────────────╮
▎cockpit                 ● input │  │ Describe the task. Enter sends, Shift+Enter adds a line.   │
▎Fix the login redirect loop on… │  │                                                            │
▎⎇ fix-login-redirect · Claude   │  │                                                            │
                                 │  ╰────────────────────────────────────────────────────────────╯
 READY  1                        │
▎site                    ✓ ready │    Project    none found yet                                 F2
▎Review navigation               │    Machine    —                                              F6
▎⎇ feat/a-very-long-branch-name… │    Preset     None yet · Ctrl+D saves one                    F7
                                 │    Harness    none installed                                 F3
 WORKING  1                      │    Model      Default                                        F4
▎api                   ◐ working │    Workspace  New worktree                                   F9
▎Add invoice export              │
▎⎇ main · Codex                  │  ↵ send   ⌃S send & keep   ⌃T dictate   ⇥ fields   F7 presets …
                                 │
 IDLE  1                         │
▎scratch                  ○ idle │
▎New Pi thread                   │
▎Pi                              │
                                 │
                                 │
                                 │
                                 │
                                 │                 ⣠⡤⠤⠤⠤⢤⣀⣀
                                 │                ⠠⣿⣿⡧    ⠈⠉⠹⠿⠦⢤⣀
                                 │                 ⠉⠋⠙⠦⣄         ⣩⣷⣶⣄⢀
                                 │                      ⠙⠲⢤⣀    ⣾⣿⣿⣿⣿⢕⠉⠓⠦⣄⡀
                                 │                         ⠈⠙⠲⢤⣀⢿⢿⢿⢟⠕⠁⠁   ⠉⠓⠦⣄
                                 │                              ⠉⠓⠧⢥⣁         ⠙⠲⣄⣀⡀
                                 │                                   ⠉⠑⠲⣾⣦⣀⡀    ⠸⣿⣿
                                 │                                      ⠈  ⠉⠉⠑⠒⠒⠒⠒⠋
                                 │
                                 │
                                 │
                                 │
                                 │
                                 │
                                 │
                                 │
  NEW THREAD  esc back
