---
source: src/ui/tests.rs
expression: "text(&render(&app, at(0)))"
---
 herdr inbox                     │
 ● 0  ✓ 0  ◐ 0  ○ 0    0 threads │
 ─────────────────────────────── │
  +  New thread               n  │
  /  Filter threads           /  │                         ⢀⡀
 ─────────────────────────────── │                    ⢀⡴⠚⠉⠉⠁⠉⠉⠉⠉⠒⠲⠤⣄⡀
 No agent threads yet.           │                    ⢸             ⠉⠑⠢⣄⡀
 Click New thread or press n.    │                    ⠸⡄          ⢀⣀    ⠉⠲⢄
                                 │                     ⠙⢄       ⢀⣾⣿⣿⣗⠄     ⠙⢦⡀
                                 │                      ⠈⠳⣄     ⠘⢿⢟⠟⠕⠁       ⠑⣄
                                 │                         ⠑⠦⣀    ⠁⠁⠁         ⠘⡆
                                 │                           ⠈⠙⠢⢄⣀             ⡇
                                 │                               ⠈⠙⠒⠦⠤⣀⣀⣀⣀⢀⣀⣀⡤⠞⠁
                                 │                                       ⠈⠁
                                 │
                                 │
                                 │
                                 │ Start a thread with n or + New thread. Agents already running in
                                 │
  THREADS  ↵ agent  j/k move  n new  x archive  ⌃G updates  tab agent  q quit
